// Jest Snapshot v1, https://goo.gl/fbAQLP

exports[`CaptureThoughtDone snapshot test 1`] = `
<View
  style={
    Object {
      "alignItems": "center",
      "color": "white",
      "flex": 1,
      "fontSize": 30,
      "justifyContent": "center",
    }
  }
>
  <Text>
    You will see this screen, if you have already captured a thought on that given day.
  </Text>
</View>
`;
