// Jest Snapshot v1, https://goo.gl/fbAQLP

exports[`CaptureThought snapshot test 1`] = `
<View
  style={
    Object {
      "alignItems": "center",
      "color": "white",
      "flex": 1,
      "fontSize": 30,
      "justifyContent": "center",
    }
  }
>
  <Text>
    This will be the registration screen.
  </Text>
</View>
`;
